============================= test session starts ==============================
platform linux -- Python 3.12.3, pytest-8.3.5, pluggy-1.5.0 -- /root/pullREQ/test_env/bin/python3
cachedir: .pytest_cache
rootdir: /root/pullREQ
configfile: pytest.ini
collecting ... collected 252 items

qcmd/tests/commands/test_handler.py::TestCommandHandler::test_main_with_prompt PASSED [  0%]
qcmd/tests/commands/test_handler.py::TestCommandHandler::test_main_with_shell PASSED [  0%]
qcmd/tests/commands/test_handler.py::TestCommandHandler::test_main_with_status PASSED [  1%]
qcmd/tests/commands/test_handler.py::TestCommandHandler::test_parse_args_with_model PASSED [  1%]
qcmd/tests/commands/test_handler.py::TestCommandHandler::test_parse_args_with_prompt PASSED [  1%]
qcmd/tests/commands/test_handler.py::TestCommandHandler::test_parse_args_with_shell PASSED [  2%]
qcmd/tests/commands/test_handler.py::TestCommandHandler::test_parse_args_with_status PASSED [  2%]
qcmd/tests/commands/test_handler_additional.py::TestCommandHandlerAdditional::test_main_with_auto_mode FAILED [  3%]
qcmd/tests/commands/test_handler_additional.py::TestCommandHandlerAdditional::test_main_with_check_updates PASSED [  3%]
qcmd/tests/commands/test_handler_additional.py::TestCommandHandlerAdditional::test_main_with_config PASSED [  3%]
qcmd/tests/commands/test_handler_additional.py::TestCommandHandlerAdditional::test_main_with_execute PASSED [  4%]
qcmd/tests/commands/test_handler_additional.py::TestCommandHandlerAdditional::test_main_with_execute_failed PASSED [  4%]
qcmd/tests/commands/test_handler_additional.py::TestCommandHandlerAdditional::test_main_with_history PASSED [  5%]
qcmd/tests/commands/test_handler_additional.py::TestCommandHandlerAdditional::test_main_with_invalid_config PASSED [  5%]
qcmd/tests/commands/test_handler_additional.py::TestCommandHandlerAdditional::test_main_with_logs PASSED [  5%]
qcmd/tests/commands/test_handler_additional.py::TestCommandHandlerAdditional::test_main_with_no_prompt PASSED [  6%]
qcmd/tests/commands/test_handler_additional.py::TestCommandHandlerAdditional::test_parse_args_with_banner_font PASSED [  6%]
qcmd/tests/commands/test_handler_additional.py::TestCommandHandlerAdditional::test_parse_args_with_ui_options PASSED [  7%]
qcmd/tests/config/test_settings.py::TestConfigSettings::test_get_config_path PASSED [  7%]
qcmd/tests/config/test_settings.py::TestConfigSettings::test_handle_config_command_display PASSED [  7%]
qcmd/tests/config/test_settings.py::TestConfigSettings::test_handle_config_command_reset PASSED [  8%]
qcmd/tests/config/test_settings.py::TestConfigSettings::test_handle_config_command_set PASSED [  8%]
qcmd/tests/config/test_settings.py::TestConfigSettings::test_load_config_default PASSED [  9%]
qcmd/tests/config/test_settings.py::TestConfigSettings::test_load_config_existing PASSED [  9%]
qcmd/tests/config/test_settings.py::TestConfigSettings::test_save_config PASSED [  9%]
qcmd/tests/core/test_auto_mode.py::TestAutoMode::test_auto_mode_generation_failure PASSED [ 10%]
qcmd/tests/core/test_auto_mode.py::TestAutoMode::test_auto_mode_max_attempts_reached PASSED [ 10%]
qcmd/tests/core/test_auto_mode.py::TestAutoMode::test_auto_mode_retry_then_success PASSED [ 11%]
qcmd/tests/core/test_auto_mode.py::TestAutoMode::test_auto_mode_success_first_attempt PASSED [ 11%]
qcmd/tests/core/test_command_generator.py::TestCommandGenerator::test_analyze_error PASSED [ 11%]
qcmd/tests/core/test_command_generator.py::TestCommandGenerator::test_execute_command FAILED [ 12%]
qcmd/tests/core/test_command_generator.py::TestCommandGenerator::test_execute_command_nonzero_exit FAILED [ 12%]
qcmd/tests/core/test_command_generator.py::TestCommandGenerator::test_execute_command_process_creation_error FAILED [ 13%]
qcmd/tests/core/test_command_generator.py::TestCommandGenerator::test_execute_command_timeout_error FAILED [ 13%]
qcmd/tests/core/test_command_generator.py::TestCommandGenerator::test_fix_command PASSED [ 13%]
qcmd/tests/core/test_command_generator.py::TestCommandGenerator::test_generate_command FAILED [ 14%]
qcmd/tests/core/test_command_generator.py::TestCommandGenerator::test_generate_command_with_markdown_format FAILED [ 14%]
qcmd/tests/core/test_command_generator.py::TestCommandGenerator::test_is_dangerous_command PASSED [ 15%]
qcmd/tests/core/test_command_generator.py::TestCommandGenerator::test_list_models PASSED [ 15%]
qcmd/tests/core/test_command_generator_additional.py::TestCommandGeneratorAdditional::test_analyze_error_fallback_failure PASSED [ 15%]
qcmd/tests/core/test_command_generator_additional.py::TestCommandGeneratorAdditional::test_execute_command_dangerous FAILED [ 16%]
qcmd/tests/core/test_command_generator_additional.py::TestCommandGeneratorAdditional::test_execute_command_exception FAILED [ 16%]
qcmd/tests/core/test_command_generator_additional.py::TestCommandGeneratorAdditional::test_execute_command_process_exception PASSED [ 17%]
qcmd/tests/core/test_command_generator_additional.py::TestCommandGeneratorAdditional::test_execute_command_process_timeout PASSED [ 17%]
qcmd/tests/core/test_command_generator_additional.py::TestCommandGeneratorAdditional::test_execute_command_retry_strategy PASSED [ 17%]
qcmd/tests/core/test_command_generator_additional.py::TestCommandGeneratorAdditional::test_execute_command_timeout_cleanup FAILED [ 18%]
qcmd/tests/core/test_command_generator_additional.py::TestCommandGeneratorAdditional::test_execute_command_timeout_handling PASSED [ 18%]
qcmd/tests/core/test_command_generator_additional.py::TestCommandGeneratorAdditional::test_execute_command_timeout_with_both_outputs PASSED [ 19%]
qcmd/tests/core/test_command_generator_additional.py::TestCommandGeneratorAdditional::test_execute_command_timeout_with_output PASSED [ 19%]
qcmd/tests/core/test_command_generator_additional.py::TestCommandGeneratorAdditional::test_execute_command_timeout_with_stderr PASSED [ 19%]
qcmd/tests/core/test_command_generator_additional.py::TestCommandGeneratorAdditional::test_execute_command_validation_errors FAILED [ 20%]
qcmd/tests/core/test_command_generator_additional.py::TestCommandGeneratorAdditional::test_execute_command_with_recovery FAILED [ 20%]
qcmd/tests/core/test_command_generator_additional.py::TestCommandGeneratorAdditional::test_fix_command_clean_markdown_single_line PASSED [ 21%]
qcmd/tests/core/test_command_generator_additional.py::TestCommandGeneratorAdditional::test_fix_command_exceptions PASSED [ 21%]
qcmd/tests/core/test_command_generator_additional.py::TestCommandGeneratorAdditional::test_fix_command_inline_code PASSED [ 21%]
qcmd/tests/core/test_command_generator_additional.py::TestCommandGeneratorAdditional::test_fix_command_markdown_formats PASSED [ 22%]
qcmd/tests/core/test_command_generator_additional.py::TestCommandGeneratorAdditional::test_fix_command_multiline_code_block PASSED [ 22%]
qcmd/tests/core/test_command_generator_additional.py::TestCommandGeneratorAdditional::test_fix_command_multiline_with_closing_backticks PASSED [ 23%]
qcmd/tests/core/test_command_generator_additional.py::TestCommandGeneratorAdditional::test_fix_command_multiline_with_incomplete_backticks PASSED [ 23%]
qcmd/tests/core/test_command_generator_additional.py::TestCommandGeneratorAdditional::test_fix_command_multiline_with_language PASSED [ 23%]
qcmd/tests/core/test_command_generator_additional.py::TestCommandGeneratorAdditional::test_generate_command_all_timeouts PASSED [ 24%]
qcmd/tests/core/test_command_generator_additional.py::TestCommandGeneratorAdditional::test_generate_command_api_errors FAILED [ 24%]
qcmd/tests/core/test_command_generator_additional.py::TestCommandGeneratorAdditional::test_generate_command_api_response_error FAILED [ 25%]
qcmd/tests/core/test_command_generator_additional.py::TestCommandGeneratorAdditional::test_generate_command_connection_error FAILED [ 25%]
qcmd/tests/core/test_command_generator_additional.py::TestCommandGeneratorAdditional::test_generate_command_fallback_failure FAILED [ 25%]
qcmd/tests/core/test_command_generator_additional.py::TestCommandGeneratorAdditional::test_generate_command_fallback_failure_with_retries FAILED [ 26%]
qcmd/tests/core/test_command_generator_additional.py::TestCommandGeneratorAdditional::test_generate_command_fallback_success_after_timeout FAILED [ 26%]
qcmd/tests/core/test_command_generator_additional.py::TestCommandGeneratorAdditional::test_generate_command_fallback_with_empty_response FAILED [ 26%]
qcmd/tests/core/test_command_generator_additional.py::TestCommandGeneratorAdditional::test_generate_command_fallback_with_retries FAILED [ 27%]
qcmd/tests/core/test_command_generator_additional.py::TestCommandGeneratorAdditional::test_generate_command_general_exception FAILED [ 27%]
qcmd/tests/core/test_command_generator_additional.py::TestCommandGeneratorAdditional::test_generate_command_list_models_exception FAILED [ 28%]
qcmd/tests/core/test_command_generator_additional.py::TestCommandGeneratorAdditional::test_generate_command_model_unavailable FAILED [ 28%]
qcmd/tests/core/test_command_generator_additional.py::TestCommandGeneratorAdditional::test_generate_command_multiline_code_block FAILED [ 28%]
qcmd/tests/core/test_command_generator_additional.py::TestCommandGeneratorAdditional::test_generate_command_request_exception PASSED [ 29%]
qcmd/tests/core/test_command_generator_additional.py::TestCommandGeneratorAdditional::test_generate_command_timeout PASSED [ 29%]
qcmd/tests/core/test_command_generator_additional.py::TestCommandGeneratorAdditional::test_generate_command_validation_errors FAILED [ 30%]
qcmd/tests/core/test_command_generator_additional.py::TestCommandGeneratorAdditional::test_get_fallback_command PASSED [ 30%]
qcmd/tests/core/test_command_generator_additional.py::TestCommandGeneratorAdditional::test_get_retry_strategy PASSED [ 30%]
qcmd/tests/core/test_command_generator_additional.py::TestCommandGeneratorAdditional::test_handle_command_failure PASSED [ 31%]
qcmd/tests/core/test_command_generator_additional.py::TestCommandGeneratorAdditional::test_is_dangerous_command_additional_patterns PASSED [ 31%]
qcmd/tests/core/test_command_generator_additional.py::TestCommandGeneratorAdditional::test_list_models_exception FAILED [ 32%]
qcmd/tests/core/test_command_generator_additional.py::TestCommandGeneratorAdditional::test_list_models_exception_handling FAILED [ 32%]
qcmd/tests/core/test_command_generator_additional.py::TestCommandGeneratorAdditional::test_suggest_command_correction PASSED [ 32%]
qcmd/tests/core/test_command_generator_integration.py::TestCommandGeneratorIntegration::test_complete_command_flow_success FAILED [ 33%]
qcmd/tests/core/test_command_generator_integration.py::TestCommandGeneratorIntegration::test_complete_command_flow_with_command_fixing FAILED [ 33%]
qcmd/tests/core/test_command_generator_integration.py::TestCommandGeneratorIntegration::test_complete_command_flow_with_dangerous_command FAILED [ 34%]
qcmd/tests/core/test_command_generator_integration.py::TestCommandGeneratorIntegration::test_complete_command_flow_with_error_recovery FAILED [ 34%]
qcmd/tests/core/test_command_generator_integration.py::TestCommandGeneratorIntegration::test_complete_command_flow_with_timeout FAILED [ 34%]
qcmd/tests/core/test_interactive_shell.py::TestSimpleCompleter::test_complete PASSED [ 35%]
qcmd/tests/core/test_interactive_shell.py::TestInteractiveShell::test_shell_command_generation PASSED [ 35%]
qcmd/tests/core/test_interactive_shell.py::TestInteractiveShell::test_shell_edit_command PASSED [ 36%]
qcmd/tests/core/test_interactive_shell.py::TestInteractiveShell::test_shell_help_command PASSED [ 36%]
qcmd/tests/core/test_interactive_shell_additional.py::TestInteractiveShellAdditional::test_auto_mode_command_generation_failure PASSED [ 36%]
qcmd/tests/core/test_interactive_shell_additional.py::TestInteractiveShellAdditional::test_auto_mode_failure_and_fix PASSED [ 37%]
qcmd/tests/core/test_interactive_shell_additional.py::TestInteractiveShellAdditional::test_auto_mode_keyboard_interrupt FAILED [ 37%]
qcmd/tests/core/test_interactive_shell_additional.py::TestInteractiveShellAdditional::test_auto_mode_max_attempts PASSED [ 38%]
qcmd/tests/core/test_interactive_shell_additional.py::TestInteractiveShellAdditional::test_auto_mode_success PASSED [ 38%]
qcmd/tests/core/test_interactive_shell_additional.py::TestInteractiveShellAdditional::test_shell_auto_command PASSED [ 38%]
qcmd/tests/core/test_interactive_shell_additional.py::TestInteractiveShellAdditional::test_shell_auto_mode_execution PASSED [ 39%]
qcmd/tests/core/test_interactive_shell_additional.py::TestInteractiveShellAdditional::test_shell_clear_command PASSED [ 39%]
qcmd/tests/core/test_interactive_shell_additional.py::TestInteractiveShellAdditional::test_shell_command_generation_failure PASSED [ 40%]
qcmd/tests/core/test_interactive_shell_additional.py::TestInteractiveShellAdditional::test_shell_command_rejection PASSED [ 40%]
qcmd/tests/core/test_interactive_shell_additional.py::TestInteractiveShellAdditional::test_shell_config_command PASSED [ 40%]
qcmd/tests/core/test_interactive_shell_additional.py::TestInteractiveShellAdditional::test_shell_edit_command PASSED [ 41%]
qcmd/tests/core/test_interactive_shell_additional.py::TestInteractiveShellAdditional::test_shell_edit_command_empty PASSED [ 41%]
qcmd/tests/core/test_interactive_shell_additional.py::TestInteractiveShellAdditional::test_shell_empty_input PASSED [ 42%]
qcmd/tests/core/test_interactive_shell_additional.py::TestInteractiveShellAdditional::test_shell_eof_handling PASSED [ 42%]
qcmd/tests/core/test_interactive_shell_additional.py::TestInteractiveShellAdditional::test_shell_execute_command_failure PASSED [ 42%]
qcmd/tests/core/test_interactive_shell_additional.py::TestInteractiveShellAdditional::test_shell_execute_with_output PASSED [ 43%]
qcmd/tests/core/test_interactive_shell_additional.py::TestInteractiveShellAdditional::test_shell_general_exception PASSED [ 43%]
qcmd/tests/core/test_interactive_shell_additional.py::TestInteractiveShellAdditional::test_shell_history_command PASSED [ 44%]
qcmd/tests/core/test_interactive_shell_additional.py::TestInteractiveShellAdditional::test_shell_keyboard_interrupt PASSED [ 44%]
qcmd/tests/core/test_interactive_shell_additional.py::TestInteractiveShellAdditional::test_shell_logs_command PASSED [ 44%]
qcmd/tests/core/test_interactive_shell_additional.py::TestInteractiveShellAdditional::test_shell_max_command PASSED [ 45%]
qcmd/tests/core/test_interactive_shell_additional.py::TestInteractiveShellAdditional::test_shell_model_command PASSED [ 45%]
qcmd/tests/core/test_interactive_shell_additional.py::TestInteractiveShellAdditional::test_shell_models_command PASSED [ 46%]
qcmd/tests/core/test_interactive_shell_additional.py::TestInteractiveShellAdditional::test_shell_repeat_command PASSED [ 46%]
qcmd/tests/core/test_interactive_shell_additional.py::TestInteractiveShellAdditional::test_shell_search_command PASSED [ 46%]
qcmd/tests/core/test_interactive_shell_additional.py::TestInteractiveShellAdditional::test_shell_sigint_handler PASSED [ 47%]
qcmd/tests/core/test_interactive_shell_additional.py::TestInteractiveShellAdditional::test_shell_status_command PASSED [ 47%]
qcmd/tests/core/test_interactive_shell_additional.py::TestInteractiveShellAdditional::test_shell_temperature_command PASSED [ 48%]
qcmd/tests/core/test_interactive_shell_additional.py::TestInteractiveShellAdditional::test_shell_update_command PASSED [ 48%]
qcmd/tests/log_analysis/test_analyzer.py::TestLogAnalyzer::test_analyze_log_content PASSED [ 48%]
qcmd/tests/log_analysis/test_analyzer.py::TestLogAnalyzer::test_analyze_log_content_large PASSED [ 49%]
qcmd/tests/log_analysis/test_analyzer.py::TestLogAnalyzer::test_analyze_log_file PASSED [ 49%]
qcmd/tests/log_analysis/test_analyzer.py::TestLogAnalyzer::test_analyze_log_file_large_last_portion PASSED [ 50%]
qcmd/tests/log_analysis/test_analyzer.py::TestLogAnalyzer::test_analyze_log_file_nonexistent PASSED [ 50%]
qcmd/tests/log_analysis/test_analyzer.py::TestLogAnalyzer::test_read_large_file PASSED [ 50%]
qcmd/tests/log_analysis/test_analyzer.py::TestLogAnalyzer::test_read_large_file_nonexistent PASSED [ 51%]
qcmd/tests/log_analysis/test_analyzer.py::TestLogAnalyzer::test_read_large_file_small PASSED [ 51%]
qcmd/tests/log_analysis/test_analyzer.py::TestLogAnalyzer::test_read_large_file_unicode_error PASSED [ 51%]
qcmd/tests/log_analysis/test_analyzer_additional.py::TestLogAnalyzerAdditional::test_analyze_log_content_no_truncation PASSED [ 52%]
qcmd/tests/log_analysis/test_analyzer_additional.py::TestLogAnalyzerAdditional::test_analyze_log_file_background_mode PASSED [ 52%]
qcmd/tests/log_analysis/test_analyzer_additional.py::TestLogAnalyzerAdditional::test_analyze_log_file_double_unicode_error PASSED [ 53%]
qcmd/tests/log_analysis/test_analyzer_additional.py::TestLogAnalyzerAdditional::test_analyze_log_file_general_error PASSED [ 53%]
qcmd/tests/log_analysis/test_analyzer_additional.py::TestLogAnalyzerAdditional::test_analyze_log_file_non_background_return PASSED [ 53%]
qcmd/tests/log_analysis/test_analyzer_additional.py::TestLogAnalyzerAdditional::test_analyze_log_file_unicode_error PASSED [ 54%]
qcmd/tests/log_analysis/test_analyzer_additional.py::TestLogAnalyzerAdditional::test_read_large_file_all_encoding_errors PASSED [ 54%]
qcmd/tests/log_analysis/test_analyzer_additional.py::TestLogAnalyzerAdditional::test_read_large_file_general_exception PASSED [ 55%]
qcmd/tests/log_analysis/test_analyzer_additional.py::TestLogAnalyzerAdditional::test_read_large_file_multiple_chunks PASSED [ 55%]
qcmd/tests/log_analysis/test_analyzer_additional.py::TestLogAnalyzerAdditional::test_read_large_file_unicode_fallback PASSED [ 55%]
qcmd/tests/log_analysis/test_log_files.py::TestLogFiles::test_display_log_selection PASSED [ 56%]
qcmd/tests/log_analysis/test_log_files.py::TestLogFiles::test_find_log_files_cached PASSED [ 56%]
qcmd/tests/log_analysis/test_log_files.py::TestLogFiles::test_find_log_files_no_cache PASSED [ 57%]
qcmd/tests/log_analysis/test_log_files.py::TestLogFiles::test_handle_log_analysis_no_logs PASSED [ 57%]
qcmd/tests/log_analysis/test_log_files.py::TestLogFiles::test_handle_log_analysis_user_cancelled PASSED [ 57%]
qcmd/tests/log_analysis/test_log_files.py::TestLogFiles::test_handle_log_analysis_with_file PASSED [ 58%]
qcmd/tests/log_analysis/test_log_files.py::TestLogFiles::test_handle_log_selection PASSED [ 58%]
qcmd/tests/log_analysis/test_log_files.py::TestLogFiles::test_is_log_file PASSED [ 59%]
qcmd/tests/log_analysis/test_log_files_additional.py::TestLogFilesAdditional::test_display_log_selection_invalid_input PASSED [ 59%]
qcmd/tests/log_analysis/test_log_files_additional.py::TestLogFilesAdditional::test_display_log_selection_keyboard_interrupt PASSED [ 59%]
qcmd/tests/log_analysis/test_log_files_additional.py::TestLogFilesAdditional::test_find_log_files_cache_write_error PASSED [ 60%]
qcmd/tests/log_analysis/test_log_files_additional.py::TestLogFilesAdditional::test_find_log_files_invalid_cache PASSED [ 60%]
qcmd/tests/log_analysis/test_log_files_additional.py::TestLogFilesAdditional::test_find_log_files_systemd_logs PASSED [ 61%]
qcmd/tests/log_analysis/test_log_files_additional.py::TestLogFilesAdditional::test_find_log_files_systemd_not_available PASSED [ 61%]
qcmd/tests/log_analysis/test_log_files_additional.py::TestLogFilesAdditional::test_find_log_files_systemd_timeout PASSED [ 61%]
qcmd/tests/log_analysis/test_log_files_additional.py::TestLogFilesAdditional::test_handle_log_analysis_journalctl PASSED [ 62%]
qcmd/tests/log_analysis/test_log_files_additional.py::TestLogFilesAdditional::test_handle_log_analysis_journalctl_error PASSED [ 62%]
qcmd/tests/log_analysis/test_log_files_additional.py::TestLogFilesAdditional::test_handle_log_analysis_with_selection PASSED [ 63%]
qcmd/tests/log_analysis/test_log_files_additional.py::TestLogFilesAdditional::test_handle_log_selection_journalctl PASSED [ 63%]
qcmd/tests/log_analysis/test_log_files_additional.py::TestLogFilesAdditional::test_handle_log_selection_journalctl_not_found PASSED [ 63%]
qcmd/tests/log_analysis/test_log_files_additional.py::TestLogFilesAdditional::test_handle_log_selection_journalctl_subprocess_error PASSED [ 64%]
qcmd/tests/log_analysis/test_log_files_additional.py::TestLogFilesAdditional::test_handle_log_selection_journalctl_timeout PASSED [ 64%]
qcmd/tests/log_analysis/test_log_files_additional.py::TestLogFilesAdditional::test_handle_log_selection_nonexistent PASSED [ 65%]
qcmd/tests/log_analysis/test_log_handlers.py::TestLogHandlers::test_handle_log_analysis_no_files_found PASSED [ 65%]
qcmd/tests/log_analysis/test_log_handlers.py::TestLogHandlers::test_handle_log_analysis_user_cancelled PASSED [ 65%]
qcmd/tests/log_analysis/test_log_handlers.py::TestLogHandlers::test_handle_log_analysis_with_specific_file PASSED [ 66%]
qcmd/tests/log_analysis/test_log_handlers.py::TestLogHandlers::test_handle_log_selection_journalctl PASSED [ 66%]
qcmd/tests/log_analysis/test_log_handlers.py::TestLogHandlers::test_handle_log_selection_journalctl_timeout PASSED [ 67%]
qcmd/tests/log_analysis/test_log_handlers.py::TestLogHandlers::test_handle_log_selection_monitor_option PASSED [ 67%]
qcmd/tests/log_analysis/test_log_handlers.py::TestLogHandlers::test_handle_log_selection_regular_file PASSED [ 67%]
qcmd/tests/log_analysis/test_log_handlers.py::TestLogHandlers::test_handle_log_selection_watch_option PASSED [ 68%]
qcmd/tests/log_analysis/test_monitor.py::TestLogMonitor::test_cleanup_stale_monitors PASSED [ 68%]
qcmd/tests/log_analysis/test_monitor.py::TestLogMonitor::test_load_monitors PASSED [ 69%]
qcmd/tests/log_analysis/test_monitor.py::TestLogMonitor::test_load_monitors_nonexistent PASSED [ 69%]
qcmd/tests/log_analysis/test_monitor.py::TestLogMonitor::test_monitor_log_background PASSED [ 69%]
qcmd/tests/log_analysis/test_monitor.py::TestLogMonitor::test_monitor_log_file_not_found PASSED [ 70%]
qcmd/tests/log_analysis/test_monitor.py::TestLogMonitor::test_monitor_log_non_background PASSED [ 70%]
qcmd/tests/log_analysis/test_monitor.py::TestLogMonitor::test_monitor_log_not_a_file PASSED [ 71%]
qcmd/tests/log_analysis/test_monitor.py::TestLogMonitor::test_save_monitors PASSED [ 71%]
qcmd/tests/log_analysis/test_monitor_additional.py::TestMonitorAdditional::test_cleanup_stale_monitors_null_pid PASSED [ 71%]
qcmd/tests/log_analysis/test_monitor_additional.py::TestMonitorAdditional::test_load_monitors_corrupted_json PASSED [ 72%]
qcmd/tests/log_analysis/test_monitor_additional.py::TestMonitorAdditional::test_monitor_log_cleanup_function 